O O
O O P S O O O O
S T
O L O O T O
O S C
T O S
O O O
O S O O O
P O O
P O O O
O O T O
O O O O
O O P O O
O O P O P T O P O O O O
O
O O P O O O T O O P S O S P O O
O
C
O O O O O O O
O
O S S
S O O O P O O O L O O
O S O O O O O O O P O
P O O P O O S P O S P
O O P O P O O O O O O O O O O S O O O
O
O O O
O
O O P O O P O O
P O O O O O O O O O O O O
P O O O O
S
O O
C O O O O O
O O
O P O O O P O O
P O O O O O O
O
P L
O
O
L O O O O O O O O
T O
P O P O O P O O O O
P O O O O O
O O O S T O O
T S O O
P O O S
O O
O
O O
O O
O P O O
C P O P O
P O O
O P O O
O O
O
O
O
O
O O
T P
O O O O O O O O
O S O O P S O O O O
O O O
P O O
O O
C O O
O O
T P O
O
P P O O O
O O O O
S C
O
O O O O O O O O O O O O O O
S
O
P O O O
P O O
P O P O P O S
O O O O
P O
O
O O P O O O O
O
O O O
O
O O
O
L O S O S
O S T O O O O
O O O O O
O O P O O T O
O O
P S O O S O O
P O
O S O
C
O
O O P O O O O
P O O S
O S O
O O O P O O S
O P O O
O O C O
O O T O O
S
O P O O
P O O O O
P O O P O O O O P O O O O P P O S C
O O O O O O O
S S
O O O O O O O
O O P O P T O O
O P O O
P O O O
T L O L
P O O
O
S L
O O S O O O O P O O S S O O O O
S O O
O O O L O O O
T O O
O P O O O O P O O P O O O O P O P O
O
O
T L O P O
O
P S O O
O
O S C T
O
O
O C
O O
O
O
O O
T O O O S O
O S P O
O O S
O
O
O
O P T
O
O T O
O O C
O O P O O O
O
O O
O
O O O
O
O S L S
O
C O O O
P O S P O P P O O P O P O P O P O O
S
O
O O O P P P O O
P O P S T P O O P T L O P O O
O O
O
O
O O S O O P O T
O O
O O O O
P S O O
O O C O
O
O
O S O O
S C
S
O O O
O O
O
S O
P O T O
O O P O
O O O
O O O
S L
C S O O
O
O P O O O O
O O
O O O P O P O O O
O O
O
O O S O O P O O
O
L
O O O
P O O P P O O O O O O O O O P O P
C L O
P C O O T O C O P O O O P O
S O
O O O O O O P O
O O
O
O P P O O
O
O O
O
O
S O
S C O O O
O
O O O O O S O
O P O O O O S O
O O O O C O O O
O S S O O O O O
P O O O O O O O O P S O
O O O O
O
O
O O O
O L
O
P S O O
O O O O O O O
P O O P O T L O O O S O P
O O O P O O
O O L O
O
O P
C O O L O O
T
O
O O
S
O O
O O O O O O
O
P O O O O O P O
C O O
O
O O O O
O
O P O O O O
P O O O C
S O
S
P O O O
O O
O S O
O
P S O O
O
O
L
O O
O O C O O O
O C
O O O O O O P O O P O
P O P O O O O O
O P
O O P O
S
O O O O O O
S
O O
O P O
S C
O O O O O O O
O O
O P C O O O O
O P O O
C S O O O
O
O
O
O O
O O
O O
O
O O
P O P
S O
O O O O O
C S
P O O P O S
P O
P O
S P O O S P O O P O
O
P L
O O P O O
O O S
O O O O O O O O O
O
L
C O O O
T
O O
O
O O O O
O
O O
S O
O
O
O
O
O O
S S O
P O O
O C
O O P P O O C
P O P O O
P O O O O P
S O O O O O P O O O O O
O
O O O O P O O O P O
O
O
O O O O O
O O
S S
O
O O O S
O
O O O P L
O O P O O O O S P
O O
O O
O O O O O
O O
O O P O P O T O
O O O
O T
O
P O
P O O O
P S P O
O O O
O O O O O
T P
O
O O P O O P O
O O O O O O O O
O
C O
O P O
O O
O O
S S C O P O O
O O S C O
T P T C
O O
O
O
O O
O O
S O P O O O
P O O O O O P O
O
O P
C
O O L O O S S
P O O O T
P O O O O C
S
O P O O O S O S
O T
P O O O P O O O O
P O O O S P O O
O P O O T O O O L C
O P O O O P O O O S O
S S O
C S
P O O P O O O L
O O O O
P O O O O P
O P O O O O O
O
O
P O O O
S O
O
P O S O O O P O O O P O O O
O O O O L O O
O
O
O O
P O O O
O P O O O O O O
O O O
O P O T
O
O O O O O
O O O O S O O O P O P O O P S O P
O
O S C O O O O O O O P O O P O O P O O O O
P O
O S
O O O O S S O
O O
O C O P
O O
O P O O
O O O
O
P S O O
O
O
O O O
S O O
O O
O
O O O O O S O O O O O P O O S O O
O O O O
O P O L
O O O O O O
O O C O O O O
O T T T O O O O
O O P S S O
O O
O
O O O O O O
O L O
S
O O
O O O O
O O O
O
O P O O
O O
O O
O O O O O O O
C O O O O
O P
O P O P O L
O L
O O O O P O O O O P O P
O
C O O O P O O O S O O O O
C T
O P O O O
S O
O O O O T L S O O O O O O
O
P O O O O O O
O O O O O O
P
T C
P O L
O O
O O P O O O O O O S O
P O O O O
O S O O S S
S C O
O S
O
O O
O C
O
P O
O O P L O O
T O P O
P O O P O P O O S
O
S S P S S
T O O O O
O P O
O L O P O P O S P O O O C O
L C O P O
P O
O
S O O
O O O O O
S O L
P O P C
O O P S O O
O
O O O O O P O P O O O
O O O O O O O O
P O O O O
O P P O O
O S
O P O
O O
S O
O O O
O O O
O O P O O O
O
O
O S S
L
C S
O O O O O S
O
O O
P O S O
S O
O
O O O O O P O O O S O O O O O
O O
O C O P O
O
O
S O
O
O
O O O O P L O O P O P P O O O O P O
O O O O O O
O O L
O O
O P O O T
O
S O
P O O O O P S P O
O P O C O S
O
O P O O O O
P O O O
O
T C O S P O C O O
O O O P O O O O
S O O O O O
O
L O O O T
O O
O
O O
O O O
S
O O
O O O P O O
P O O S O P O O O O
O O O P O O O O O O O O O
P O O O
O O O O O O O O O
O O O P T O
T
O
O P
O
O O P S
O P O O
O O O
O O O O P
O L
O
O
O O
O O O S O O
O L O
P C P O O
O
O O P
O O
O O O O
S O
S
O S
O
C S P O O
P O O O
C O O T P S O
O O
T T P
O O O O O O O
P O O O
P O O
L O O L
O O
P T T
O T
P O P O O O O
O
O O S
O P O
O O O O P L O
P O
O
O P P O
S
O O O S O O O O
O
O P
O
O
O O O
O O O O
S O O O O O
O O O O
O O
O O
O
O O O
P O O O O O O O O O O O
O O
O
O L
O O O
O O
O S O O O P O P O O P P O
C O L
P O O O O P O
O O O O
T O O O O
O
O S O O O O
O
O S S O O P P
O O L
O P O O O O O O
T
O O O P O O P O O O
O O S
O
O O O O O O
O S O O
O
P O O
O S
C P O P O
O
O
O O O
P O
O
L O
O O
O
S O
O O P O P
O O
O O O
O O O O O S
C
P O
S S
O O
S
S O O
S S O
P O O O P O O O P
O P S P
O O
O O S O
O O O
P O O O C O O
T S O O O S O L O O P
S O
O P
P O O P O
O
O
O O
O O
O
O O P O O O O O
S O O S S O
O O O
O O S
O
O O O
O O O O O
O
O O T P O O O O O O
O
O S O O
P O O
O
O P O
P P O
O O
O O S
O O O O O O O O P O
O
O S O
T
S
O
S S
O
O O O O
O O O O O O
O
P O O O O P O S O O O O
O O O O O O O P
O
O
O
P O O P O P P O O O
O
O T P
T
O
P O O P O O T O
P T O O S
O O O O O O O O O O
O
O
O P
O
T O T
O C O
C O O C
O O P O T
P S O O C O
T T
P O
O O O O O O
C O O P
O
S
P O S P O P O O
O
O O T P O
O O
O O O
O
O
C P L O
S
P O O
O
O T O O
S O O
S O
S O O
P O O L P O O
O P T O O P O
O O O C S O
S O S O O O O S
O
O T C
O O
O
O O P O
C O S
S
O O O O P O O P P O
O O O O S
P O O O
O O
O
O O O O O O O T
O
O O P O O P L
S
S O O O
O C O C
O S
O O
O O
O O O
T
O O P O P O O O
O P O O O P
O
P O O
O
O O P S O O
O O
S O
O O O S
S O O
O
O O O S
O O
O
O L O S O S L S
O P
O O O O O O
O O O P S L
P O O P O
O O
O O
O O O O O O
O
T O O O O
O
O O P O O P O P O O O
O L
O O O O O P O O O O P O O
O S O O O O O
O O
O O O O
O
O C O O O
O O O P O O P O
O S
O
O S
O S O P O O
O O O O P T T
O O S
O
O O
O
S
O O O O
S
O C O C T
O S
O P O O O C O O O
P S S
O L S
O O O O O
O O O
O S O
O S
O O
O
O
O P O O O O O O O
O C
O O
O T O
O
O O
O P O O O O O P S
O S S S
O O O O O
O O O O O T O
S O
O O O P O C O O O O S P
O S O O T
O C O O
O
T O O O
O O
O O O O O O O O
P P O P P O P P
O O O O O L O O
S O O O O
S
O O O P O L
S P T O O
T O
O O O O O O S O
P O O O O O O P O P O O
O C
O O
O P O O
O
O P T
P O O O P O O O O P O O
O O
O P O P T P O
O O O L O O
O
O
P O
O O P
O P S O O
O O O O
O
O O O O S
O O O O
O
P O O O S O P O S P O P O O O
O O O O O
O
O O O O
O O O O P L O O P O O O T O
O
O
P O O
O
O O O
O
S O O L S
S
O
O O O O O O
O S S O L
O P O O S O
O O O
P O P O P
S O
O P S O O O
O L O
S
O O O O O P O O O
O C O P O O L L O O O O
P O O O O
S C S
O O C O
T
O P
O O
O
O O
T
O
O O
P O P O L O O C O
O
O O
O O O
O
O O O
O O O O O O
O T
C L
O O
O
O
O P O O O
O
P O O O
O
C O O O
T
O O T O O O O
C O P S
O O O P O
O
O O
O O O O O O O O O S O
O O O
O O
O S O O O
O O
S L O O P L
O
P O O
O T
O O
O O
O O O O
O T O P S O
O S O
O P O L P O O
O O
O O O O O
O P O O
O
S
O
O S S O O
O O P O O
O
O
O
O L O O
T O
S
P T O
O
S
P O P
O
O O O O O O O O O O
O S
O
O
O P P
C
O S
O P O O
S
O
O O
O S O O T O
O O
O C
O S
P O O L
O O
O C
O O O O O O O O O O O O O O
P O O P O P O O P O P P O O O O O
O O
O P P O O O L O
O O O
P O O O O T O O O O O
P S O O O
P O S S
O
O P O
O O
O O O O O O O S S
S T S O O
O O
O P O O O P P O O O O P O T
O C O O P O O P
O S P O O O
P P
S S
O
T
O
O O P S O P O O O O
O O O P O S
O O O
O
O
O O
O O O
P O
O
P O O
P O O
O P O O
O O P O O
O
T T
P O S
S T O
P O L O
S O O
O P O P
P O O O S O
O
O O O S
O O P O
O O
O
O
O
O S
O O S
O T P O O O T P O O O O O O
C P O T
P L O P O P S S
P O S
O
O O O O O O O O
O O O O S O O O O O O O P
O C
O
O O S S O O
O
O O
S O O
O
O O O O
O O C
O
P O P
O O
P O P O T O O O P O O O P O O T
O
O L O S
P O O O O O O
P O
O P O
O C
O
O
O
O O
T
O
O O P T O
P O O O
O
O O T C O O O O O P O O O S O
O
P O O
O
O O O O O P P O O
O S O O O O O O O O O
O
O P O O
O P O O O O S
O S P L O P O O P
P O
T P O O O
O O O
S O O
P O
O O S O
O O O S O O C O S
P O O
O
P O
O O
P O O O
O
O
O
C T O O
O
O
S P O O
O O
O O P O
O O O O O O
P P O O O
O P O O L O O O O
O O O O O O
O O O O O O O
O O
O P O O T
O
O
O O O
O P L P O O O O O O L P O O P O O P O O P O T O O
O O
O O T
S
O O
O T
O P O O O P O O O O O
S S O O
S O
O
O P O S O O O O P O O O
O S
S P O P
O P O O O P O O S O C S O O O P S O O O O O O O O O P O O
O O P S
P O
O T
O O O O O O O
O S
O O P O O O O
O O O
O O O
S S O O L
O O O O O O O O O O O O O O O O
O
P O O P T O P T O P O O P O P O O P O P O T O O P O O O O T O T O O O O O
O
P O O O O P O
P O P
O O O O
O
O O O P O O O O P O O O O P P O O O O O
P O P O O O O P O O O O O
O O P L O P O O O O
O
O L
O C
S O
P O T O O O O O O P
P P O P O O O P O O O
O O O O O O O
O
O O O
S O O O
O
O O O O
O O O O O O O S O O O O O O
T O
O O P L P O O P O O
O O C
O O O O O O O P O O O O
O O O
O O
O P O O S O O O
O O
O
O O
O O O
O P O P
S
O
O
O
C O S
O O O P O O O O
P O O O O O O O O O P O O
O O P O P S P O P O
O S O
O
S O O
O O P O O O P O
O O O O O O
T P
P O O O O
O O
O
P O P
S S O O O S
P O O O O S P P O P O O
O O O
O O S
O O
O
P O P S P O P O S O P
O O
P S O S
O O O O O
O
O O O O O
O O
S P O O O P S O
O
S O O O O S
O
P O O O O
T C O O O O P O S O P O O T
O
S
O O O
O O O O
S
O O C O O O O S O S O
O
O
O O O O O
P O S P O
O
O P
O O
O O
P O P O
P O O O
O O
O O O P O O P O
O L O O
O O
O P O O P O O O O P O
S S
P S O P S O S
P O O
S C O
O
O
O
O O O
P O P O L O
O O
O P O P O O S O
L O
O O
P O O O
S O
O O
O O O
O P O O O O
O C O O O O O O O O O O O O O O O O O O O O O O O O
O
P S O O
O O O O P P O O P O O O O
P O T P O
O P O O
O
O
O O O
O O O O O O O O O O O O O O
O
O O O O O
P T O S P T
P O O O O O O O O O
O L O
S O
T
O P O O
O O O L O O
O O P O P O
P S O O O
C
O O
O O O O
O
O O P
O S O O
O O O S O O O
O C P T O O
P O O O
O
O P O P O P
O
O P O
P O O P S O S O
O O O
T
O L O O
O O O O O O O L
T O
S O O O O O
O O O O P O
S S
O
O O O O
P O S O O O
O O
C S
O O O
O O O
O
O O O O O O O
P O S
C O O P O O O O O
O
O O
O
S C
O
O P O P O O O
C O O
P O P O
P O O S P O O O T
P O O O O O O
O O O O P
S O
P O
C
O
T O S S O S
O
O O O O
O O O O O
T T T T T T T T T
O O O C P O O O O O O O
S C O
O
O S
S O O O P
O
T O O
O S S
P O O
C S
O O O O O O
L O O
O
O O O
O O S O
O O P O
S O O
O P
S
O O O
C O O O
P O T O P O
O
P O O O O
S O O S O O P O O P O O O
O
O
S S O
P O
S
C O S O P O O C O O O O O O O O
P O O O P O
O O P O S O P O L
L
S S S
O O O
S
O O O O O
O O O O
S O
O
S O C
O S O O O
O
L O
P O O O O C O O O P O O O O
O L
O P O T O
O
O O O O O O
S S P T
O
O O
O O O O O O O O O O O O
P O O
O O
O P O
O O
O O
P O P C
O O
O C O
O
O
O S
C O O O O O O O O O
O C
P O S
O O O O
O O P
O
O
O P O
O O O
P O P O O P O O S
O
O O
P O O L O
O O O O
O
O T
L
P O
O O O S O O
O
O
O O O O O O O
O O
P O O
O O P O O O O P O O O O O O
C
O P O P O P O O O O O
O O L P O S O O O P P O O
O
O
O O O O O O P O
O O
S O S
O O
O O O
O
O P O O S P O P O L O
O L
O
O
O O
O
O O O O P O
O P O O
O O O O O O O O O O O
S O O L
S
O
O
O O
O O
O P O O O
O
O
O
O O C
O O C O P O O P S
O O O P O O
P O O
O O O
O O S
O S O
O O O
P O O O L O
P S O O
O L O O
O S O O O O
O O O O O
O O P P O O O P O
O
P O P O
O C O
O O O O O P
O P O
O
O O O O
O O O L
T O
O P
S O O
O O O O O T O O P O
S P O P S P
O O O O O O O
O
O O O
O O P O O P S O
P O
P O O O O O P O O
O P O O
O O T O P S P O O
O O O O S C O
S C
S S O
O O O O O O
T O
S O
P S
O S O S O
O O O O O O O C O O P O
S P T O
O O O
O
O O O P O P
O O
T O
O
P O P O
O P O O
O P O O P O O S O O
P O
O
O
P S
C O O S P O P O S
O O
O S O
O
P O O O O O O O
O
S
O
O O
O O O
O O O O O
S O O O O
O O O O
P S
S
O O P O O O O P O O P O
O O L C
P S
O O
O
C O P T
O
O O P O O
S S S O
L
P O
O
O
O S
O
C O
P O S O O O
O
O O O
L O
P S
O O
O O O C S
O O O O P
O C
O O P O T
S O
O P P O
O O
P O O O O O
O O
O T C P O
L
L O
O P O O S O O O C S O O S
O O O O O O O
S P S S P S
O O S C O
S O
P O O O P O O
C S O S O
O O
O
O O C
O P O P T S O O O O S
P S
O P O S
O O O P T P O
O O O C O
O
O P O O C O
S O
O O
O P O O O O T O O O S
P O O O T O P C
O
L
O
O
O S
C O L
O O O
P O
S
O O O O O O O O O O O O O O
O O O O O O
O C O
O O O S
O O
C O O
O O
O O P O O
P O O L O
P O P O P O O O O O P O O
P O O P O P O O P O O O O O O P L
O
O S O
O P O
O O O O P
P O O P P O O O
O
O P S P O
O
O
P S S
O O
O S O
O O O C O O
O T P O O O P
P O O O P
O O O O O O
O O O O O O O O O O O O
O C P O O C O O O O O
O O O O
P O P O
O
O C O S P O P O O O
O
O
O
O O O O O C
O O O P O O O
O O
C P T O
O O
O O P O O O P O O O O O
P O P C O
S S
O L O O O O O C O
O O O O O O O O O
S S O
O O O
O P O
O O O O O O P O O P O O O O O O P C
O S C O O
P O O O O
O
O O O O P
S O
O O T
O
O O O
O O O
S O
O
O O
O O
P S O O O O O O O O S
O O C
P L S O O P O O S O O
O P O S O
S
O O O O
T O P O
O O
O
O O
O S S O O
O T
S L O
O O P O O
P O O O
T O
O O O O O O O
O P O T O O O
C O O P O
O O O O O O P O O S
O P O O S O
O O O O O O O O
O O O O O O O O O O O O O O O O O
O L S
O O O O O O O O P O P O O
O O O O P O
S
O
O O O P O
O O
T O
O O O
O
T T T
S L O
P P O O O O O O O
O P O P O O O O O O O O
S
P O O C
O
O O O
O
O S
O
O
S C O P O O
P
O S S O O S
O O O
C O O O
O O
O O O O O
O O O O P
P O O P O
O
O O O
O O
O O O C O O P O
O
O
O O C L O O O P O O T O O O
O
O L
O S P O S S O L
O O O S C
O P T T O S O O P O P O O P O O O O O
O O O O P O O
O O O O O O
O C O O O P O
P S O
O O O P O O
O
O
T O O O P S P O O O O O
O O O P T
O
P O L
O P O
O
O S O
O O
O
O P C
O O
O O
L P O
P O O T O
S
P O O
O O O
T O
S O
O
O O O P
S P T O
P O O
C O O P O O P O O P O C
S O
O O O O O P O O O S
O O C
O O O
O T
O O O O
P O O O O C O
P O
O O S
O P O O P S O O P
O O P P O O S S
O O
O
O
O O O O O O O O O O O O O O O O
P S L
P O O P O T O O O O S
O O O O O O O O
O
O O
O
O
O O O P O O O
P O O
O
O O
C O S
S
O O O
O O O S O O
O O O O O
O O P O O
O S S
O
S S O O
O O O O O O O O O O
O O O O P
O O
O P O O O
O O O O
P O L O O O O P P O O O P O S
O P O O S O P O O O O
O O O P O
O O O
O P
O O O
O O C S P O P
O
O O O O C O
P O O O
S
O
O O O O
O
O
P O P P P O S
O O O C S
O O O
S O O O O
O
O O S O
O
O
O O O O
T P
O O O O
O O
O O O
O O O O O O O
O S
S L O
S S
O P O O O S P O
O O
O O O O
O P O P O O O P O S O
S
S
O O O
O O O
S O P S O P C O O O
O
O O
O O L P S O
O P O S O
O P
O P O S L O P P S L O P O
S O O S O P O S O O
O O O O
O
P C
O
P O O
O S
O O O O O
O P O O O P O O P P T
O
O
P O P S P
O O O
O
O O P O P O S O O
O O P O
S
O
O S P S S O O S O O
T O P
O O O O
O
P O O O
O C O
O O O O O O O O O O O O O O O O O
S
O S
P O S O S P O P O O S
O O O
O
O
P O O O P O O O
O O
O
O
O O O O P P
O P O P P O O O
P O O O P O O
P O O
O
P O O O O P O O
O
O P O S S O O P O
T
O S
O O O
O O O O O O
O O T O
O P O O O
O O P O O O O P L
S
O P S O
O O O P O
O P O O O O
P O O
S O O O O O
O O P O C P O O O O O O
O S O O O O
P O O O
S
O P O O O O
O O O
P O O
O P O
O O T T
O
O O O
O O O O P O C P O P O P O P O O O O O P O O
O O O
O P O O S S O O
P O O L
S
L O O O
S C
O
S
O S O S
O P L O
O O O O O O
C
O O
O
O O O O P S S O S S O T
O O
O
C T P
O
O
C O O O O
O
T O O P O O
O
O O O O
O O O P O P
O O O O L O
O O O O O O
O T
O S S O
O O C O
O O O O O O
O O O C O
T
O
O
O O O P O P O O O
O O S
O O O O
C O O P
S C
P O O O
O
P O P O
T
O
O
T O
S O P O P O O O O O O
O
O
O P
O
P S
T O O O T
O
S O
P O
O O O O O O
O P O L
O
O O O O O
O O O P O O S P
O
O
O P O
P O O O
P O P O
O
O P O P O
O
P O O O T O O P O O P O S P O P
S O P T P T O P O
O O S
S O P O
S O
C O
C O O O O O
P O O O S O O O O
P O O P P P O O
O O O S P O P O O
O S O
O O O O O
S
O
P O O O O C
O
L O P O O S O S
O
S
O
O O O
T S
S
O S P P O O
P O L O
O O S P
O O O S C
O O P O O C O P L O O O O
O O P O O O O
O
O
O S O O
T O
O O P O
O O O O O O O
O O
S O
O
O O O O O
P O O P P O S O S O O O O O O
S
P S
O O P O O
O S O O O
O
O
O O O O
S
O T P O S
O O O P O O P
O
O O O O O O P
O O O
O O O
O
P O P O O
O O O
O O P O P
O P P P O O O P O P O
P O P P O O P L P O O S O O O P O P P O O O
O O O O
C O O L
S C S
O O O P O O
O
S P
O
O O S O
O S
O
O O
P S O O S
O
O O O
O O
S
O L O
L O
O O O
O
O
S
O
P O O S O O
O O S
O O P
O T O
O O O
S O
S
O P O O O P O P O O O O O O O O P O O O P O P O T T
P O O P O O P O O
O P O O T O O O
O
O O
O P O O O P O O P O
O O P O O
O
O
P O O S O
O O O
O O
O P O S P S P O O O
O
O O O O O O O O O P T
O
O T
O S
O O
O O S O O O O O
O
S O O O T C S O
O O O O O O
O
O O O O O
O O O
C O
O S
C P O S P S P O O O O
O
O P O P
O
O O O P O
C O O
S
O
S
T P P O O O O O
P
O O
O P O S S
S
O
O O P O O O O P O C S O O O
O O O O O O O P O O S P O O
O
L
O O T O
S
O O P S S
S O
O
O O
O S P O
O O
O
P O O O
P O O
O P S O P O O O O
O O O
O P O O O O P S P O
O O P O P
O O O O O O
O O O O O P O O O O O O O
S P T
S
O O O C
S
S
S O
T P O P O O O O P
O
P S P
O O O O O O O S
P
O O O
S O
O O
O O O O
O
O O P O O
C O O O O O O P O O O P O O O O P O O O O C O P O O O O O
P O O O
O
O O O
O O P
O
O
O O S S S O O
O P S O
C O O
O O
O O O S S O
P O P
O L T
O O O O O
P O O O O O O
P O O O O
S L
S O
O O
O O O O O S
S O O O
O O O O O
O O O O
O O O
P O O O
P O O
O P O S
P O P
O P O S P O
O P O S P O O O P O
O
P O O S
O
O O P O O O O O O O P O P O O L P O O O O L O O C S C O O O O O O O T O
P O
O P O P O O S O
O O O O O O P O
S C P P
O O
O O O
O O
O O O O O
O O
O O S S
O O O S
S C
T
O P O
O O O O O O
O
O
O P O O O O O O S S T T O O O O
T O T O O O O O
O O O S O
C T P O
O O O
O O O
O P O
S O C O
O P O S
P O O P O
O P O O
O
P O
O O P O S O
O P O O O O O O L
S
O
O
O
S C O O O
O O T P S S
S O S O S O O O O
O O
P O
O
P P O P O P O S O
O
O O O P O O O O O O P
O P O S
O
O O O O
S
P O O O O O O P S
O O
P O O
O O O O O O
O O
O O O O O
O O P O O T O P O O O O O P T O O O O O O P O O O P O
P O
S O
S
O O S
T
O S
O
O O O O O
S S O
O
T O O P O
O
O P O P O O S O
O S O O O
S O
P P S
O
P O T
O
O
S O O O
P O O P O O
O
P O T
S O
O P O O P O S O
P S O O
P O
O O P O
O O O
O O O
P O P O O O O
O O O
O
O S
O O O O
P O P O O
O
P O O S
O
S O O
O C
O O O
C O S
O O
P O C O O T O P S O P O P O O O
O O O O O O O O
P O S P O
O C O S O P O O O
O P O
O O O
O O O O O O O O O O O O
O P P S S O S
O
O
O O
P
O O P O O O O O O O O O O O O S O P O
O
O S
O O T
O C
O O O O O O
T
O O O O O C O S
O O
O
T P T
O O O
T
S
O O O O
O
O O P O O O P
O P O T
O P O O O O O O P O P O O O P O
O S O O
P O O O O S O O O C
O O O
O
O
O O L O P O O O P O O P O
L O
O O
O
O C O T
S
O O O O
O O O O O O
P L O T
O O
O P O O
O P O S
P O O O O L
O O P O O P
S O O
O O O O O
O
O S O
T P
O O O O
S O
O
O
O S L O
O
O O P O
P O S O
O
O
P P S O O O P O P O
O
O O O S O
O S O O O P S
P O O O O O S
P O O O P O O P O O O
O P O O O
O O
O P O
O T
O O O T O
O O S
S C P O O O P O O O
S O O O
S C O O O
O
P O P S S O O O S O
P O O O O
O O O P O O
O O L O
P O O
S O O O
O O
O O O P O O O O
O
O
S O
C O O O C O O O
O
O
O O O
P O P O
O
O O
O O S
O O P O O O O P O O O O O O O O
O O
P O S O O O
O O O O O
P O O O L O O O O T
S O
S
O O O P O
P O O P O O
P O
O O O
O O O P O
O
O P T O S O
O
O
O O O P O O O O
P O O O
O C O O O O O
O O S O
O O O O S O P O O O P O
O O O
O S O
S P O P S P O
S O O
O P O P O T O O O O O
O S S O O O S
P O O T P O
O
O O
O
O O O P O
O O O
O O O O P O O O
O
O
O O O S S O O
O O
P O
P O P O O P O
O
S S O S
S O O O
S C O
P O O O
O O O
O O O O P O O O O C
O P O O S O
O
O P O O O O O
O O
O O S
O
O O
O O
O P O O P O P O
O
O S
O
P O O O P O O P
O O O
O
O
P L P P
T
P O O O O O
P O P O O O O O O O
O P O O P O
O C O O O
P O O O
O O O
O O O O O
S O O
T P O
O
S
O
T
C O L L O O P O O
P O O O O O
P O O O
O O O O
O
O
O O O O
O O O O P O S S S O O O S
P O O O C O O O O P P O S P O
O
O
O O
O
S O O O O
O S
P O O
O O T
P C O O
O O O O O O
O
S
O O
O O S C L
O P O O O
O O
O
O O O S
O O O O O
S
S S
O
T O O O
P O S O
O
O
O S
S
O
O O
P O
O S P O P O O O
S
P O
S
T
O
S O O T O O O
C
O O S S O O
O P O O
T
P O S T
O O O P O P O
O
O
C O O
O O O O O O O S
S
T P O O
O
O P
O
O P P S O O
S
O
O O O S
S O O O O O O O O
O L
O
O
O P O O O S
P O O O S O P O O
O O O
O O O O
O O O O O O C
O P O O O O O
O O
O O P O P O O O O O O O O O
O S P O O O P O O
O P O O
O O O O S L O O P O L
P O
O
O
O O O
S
S O O
O P O C
P O S
O O P T O P O O O O
P O O O O O O O
O
S O O S C O O O O O O
O
O P O O O P P O O
O O O O O O
O
P
S O
O C O P O P O O O O
P O O O O O S
O T
O O O O O O O O O O O O O O O O O O O O O O O O O O O O O O O O O O O O O O O O
O O O
O O O O O O
O O
P O O O O
O O O O O
O
S
O O S O P O L O S O S O
O O O P O
O P O O S
O O O O S O
O
O
S S O
O P O O O
O
P O
C
O O O O O O P T
O O S
O S O
O
O O O
O O O
P O O
O O O O
O T O
O P O O O
O P O P O O O P O O O P O
O P S P O
O
O
O
O O O O O
P S S P S O L
O O
O S
O
O O O O O O
O
O
O L
C O L O
P O O P O
P O O
O O O O
T O S T T O
O P S O
O
O O O
O O
O O T O O O O O
O P O P O O O O O
C O O
P S L
O
P S
O O O O O O
O P O C O O P O P O O O O O P O O O
O P O O P O O
O P S
O
O
P O O P
P O O O
O C
O P T O
O O O O O O O P O O O O S O O O O O
O
O
O O O O
O O P
S O O
S
O
S P O
O O O
O O
O O O O O C O
O P O P T
O
P O O
O S
O O
P O O O
P O O S O O O
O O
P S L O S
O O
S
T O C
P O P O O O P
C O
S
O O
S
L O O O O
S O O
P O O
O
O P O S
S T
O O O O O O O C O
O O O
O
O S
O O P
O
P O O O O P O P O P O O P
O
O O P S O P O
O
P O O O
O C
S O O
P O
T O P O O O P O P
P O O O O O O O
O P O
O
P O O O P O O O P O L
O P O O P O S
P O O
S O O
T
O
O S S
O
O P O O O O O
O
O S P O O
O O P O
S T P O O O O O P T O O P T
O O O O O O O O O
O O T O
S O
O
P O O
T O
O O O P O S
O
O S P O
O O O O O
O O O O O O O O O
O O S O O
S O O O O
O P S S
S O
O
P O P
O O O
O O O
O
O O
O O O O
S
S O
O O O O
O S O S
O O O
O O S O O O O P
O P O
O O P T
O
O L O L O
P O
S
O O O O P O O O O O O O O O O O O O O
O
P O O P O O
C O O
O O O S S
O L O C O
O
O O S P O O O O O O O O O
O L
O O
O O
O O O S
S
O O S O S O O O O O
P O O O
S O P O O O O
P O
O O O O O O O O O O T O
O O S
O T O
O O
O O
O
O O O
C P O S O P
C O T
O P O O
O
O L O O O
O
S P O O
O O O
O P O O O P O S
O O O O S
O
O O O
S O
P O O O P O S O P O O O O O O O O O O T
O O P O
S
O
P O O O
O O
O S C O C
P O P O O O O P O P O P O P O O
O P O O O O O
O O O O
O
O
O O
O
S O O P O O
O O
O O O
O S O
O
O P S O
O S P O T P
O
O O O O
O O O O
O
O O O C
O O O C S S
O O O
O O O O O O O O
O P S P O
O O P O P O O O O O
O O S S
O O
O
O O
O O P P O O P O C O O O P O P O C O O O O
O O O
O
O
O
O P O O
P O P
P O O O O
O S S
T O O O O O O O
P S C
O
O T O O O O
O
O
O O O O O
O O O
S S O
O O
O O
O C L O O S O
O
P O P O O
O O
O O O P O P S
O O
O
O O
O O
T P L O P O P O O S P O S
O
O S S S
O O O O O O O O O
C S O O O O
O O O
O O O O O O O O O O O O O O O O O O O O O O O O O O
O
O O
O P O
O P O O O P S
L O O
P O O S P O
O S
O P O O O P P O O O P O O S O P O O
S
O O O P O O O S O P O O
P O O S S
O C
O
S O
O
O O
O O O O O O O O O O O O
O O O O O O
C O O T
L
O
O
P O O O O
O
O
O
O S O
O O
T
S P O O
O
O
O
O O P O O O
O
S
O
O
O O O O
S
O P O P C O O O
S O
P O O S O O L O
O S
O O O O T O O O L O O L O O
O O O O O P O
S O
P P O P O
O O
O
O O
O S O O S
C O P O P O
S O
O
O P
O
O P O O O
P
O P O O O P P O O P O
O
O P O O O
O O O O
O O
O P O
O O O O O O
T C
O
C O O T
O O O O
P O O O S
T
O O O O
O O O O
O P
O S L O
O O O P O O
O
O O
O
O O
P O P O O P P O O
S O O
P O O O
O
O
O P O O O P O O O
O O O O O O L
P T C O
O O T O P O L P T O
O O
O O O S C T
O
O
O
O
O
O
O
O O O O O S P O O S O O S
O
O
O O O O O
O O O
O O O O O
O P O O O P O P O S S O P O O O O O O
S O
O O
O O
S
O O C O
S C
T C O
O O O P P S
S
O
O O O O
P
P O O O S O O
O
O
P O O O O O O P O
P O O O P O O O
O P O O P P O
O O O O C O P O O O P O P O O O
O
O O O O
S
O P O
O
P O P O S O O O
O
O O S P O O P
O O
O O S P
O P
O C O
O O O O S
S O
S P P O
O O
O O P O P O O
P O O O O O
O O O O
P O P O O
O S O P O O P O O
T
P O P O O
O O
O O P O O O P
O O O O O O O
O T
O P O
C C C O O P O
S O O O O
O S
O
P O O O L
P O O O P O O O O P O O O
O
O P O
P O O
O P O O O O O O O O O O O
O O
O O S O O S O
P O S
O O O O O O O O O O O O O
O O O
O O O O O
O O O O
O C O O O O S P O O O S
O O O
P S O O O O
O
P S S
O P O O O O O
O
O P C O O O O
O O S O L
O O O O O S
P O P O
O S O
O
P S
O O O
O O O O O O
O S C
O O O
O O O O
O
S
O
S
O O O
P O P O O S O
O O O
O
O O
P O O O O
O P O O O
S
O O
O P O
O P O O O P O O O O O O O
P T
C O O
O
O O O O O O O
P O S O O S O
O O O O S O
S S O
O S O P O C O O S
O
O
O O
S O S O O O O P O P O
O
O O P O O P
S
O O O O O O O C
P O O O O O O O O
O O
P O
O P O P O
O P O T
P O P
O
O
O P O O
S S S O
O P O P O O O S O
O
C O O S O
O O O O O
P O O O
P O S O O P O O
O O O
S
P O O O O
O S O P O O O O L
O O
P L
O P P O O P O O O L O P O
P O P O
P O
O
O O
O
O O
O O S O
O
O C
O O P O O O
S O
O
O
P O
S O
O O O O O O O O O O O
T P O
C O O O O O
O O
O O P O
S O
O L
O S P
O O O P S C O P O S O S O
O O O O S
O O P O O S O P O O
S C O O O O O O O O O O
T P P O O P O O
P O O O
S C O O O O
T
P O O O O O T
O P O S
O
O O O O P O O P
P O O
O
S S
O C O
O T
O O
O
O
O P C O O
O O O O
O O O O O
O
O O O O O O S O O S O O O P O C O O O O P O O O O O O O
O
O
S S O O
T O O
O O O P O P S
O O O O C P O P O P O P O O S O
O
O P P O P O
P O P
O O O S
P O P
O P O O O P O
S P
O O L O
O O O O
O O
S O
O
O
O O
O
P O P P O O
C O C L O P
P O T
O
S O O O O O O O
O O
P O O P O L S S O O
P P O O O O O P
O O
O
P O O O O
O
O O C O
T O
O O O P S O
T O O O O T
S O O O O O L
O O O O
O O
O O
O O O T O P O
O
O O P S O O
O P
O
C O O O
O O O O O L O P O O O
P O O P O P S O O
O
O C
S O
O O S O
T P C O O
S O O O T T O S
S
O P
O
O
O T T
O
O S O
S
S
O P O O P O P O O O O L S O O P O O P S P O O P O L O T O O O P O
P O O O
O O O O O O O P O P O
P O S P O O T O P O O
O
O O P O O O O
O C P S
S
O
S
T P O O O O S S C O
O P O
P O O O
O
O O P S
O P O O
O O O S L O
O O
S
O
P O O
O O O S P C O
O
O O O O
O O O O O O O O O O O O O O
O O T O O O T O
O P O
P O P O O O O O O
O
O O P O P O O O
O S C
O O
O O O O
O O P L
O P
O
O P C
O S
O P O S O P O O O
O O
P O O O L O L O C S O O
S P S O S P O O
S C
O C O P O O O P O
C
O O T O O O S S O O O O P T S O S
P O P S O O O O
C
O
T O O O O P O O
O
O O O L O
O O O L O
O O O L O
O
O O O O P O
P O P
O O
O S O S O
O O O O O
P O L P O O O O P O O O O P O
S O
S O S
O O O O S O
P O O O
S S O
P O O
O S
O O O O O O O
O P O
O
O
P C O O O O
O O P O O O
O O
O O
O O O O
O O O O O O P O
S O O
O O O
O S
O
P O O O
P O P S O O
O O P O
O
P O T O O O
O O O
P O
O P O O
O O
C O O S O O O
O P O P
O P O P O S
S
S
S
O O O O O O O O O O O
T
O S P O O P T T O O O O P
O O
O S S O O O S
T
S O
P L O O O
S
O
O O P O O O
C O O C
O O
O
C O O O
O O
O O
O O
O P
O O O
P O O O O
S O S O O O
O P O P T P P O O S O P O O C P O O O O O O O P O O
O O O O O O O
O O O O O O S
S
P O O
O
O P O O O
O O O
S O O O
O O O
O O O O
O
O
O
P O O O O O S O
O O
P O O
O S
O
O O O O O O
O O P O O O O P O T
O O P O O O C O P O O O
S O O O O
O
P O O O
O O O O
S O P O O O O O O O
O O O
O O O O S O P O O C
O
O O O O O O O
O O
O P O O O P O O P O P P
S O
S
S S
S O O
S P
O O O
O O O O O O O
O O O
P
S
O P O P O O
O P
O O
O O O O O O
O O
O O O O L O O O O
T O P S
O O O O S
O O O
O P O L O P O O O O O
O O O O
T O O S L O L
O P S
O O
T P O
O O O O O
P O O O
O
S
O
O
O O
S O
O
O O O O O O
O O
O P O P C O C S P O
O
O
C
O O
S O
O O O O
O O P O O O
S O
O O S P T O
O O O O
T
O
O O P O O
O O O O P O O
O T O
S O P O O
P O T
O O O
S
O O P O O O
S O T O
O O O O O O O
O O P O
O C O
O
O C L O
S O
O
O O S O O O P O
O
O P O P O T S
P O P O O O
O C
O S O C O O P O O O
O O O
O O
O
T O
O O O O O
O
C S
O O P O P
O
O S O O O
P O O O
O O P O
O O O S O
O C O O
O O O O O
O O O O P O O O
O C O O O
S
O
P O O O P O
O O O O O O
O O O
O
O P S O O O
O C O
O O
O P O S O
S
O P O
O
O S O
O
P O
O
O
O P O
S
O P
O O O O P O O O O
O O O
T
O O
S O O P O S O P O O
O
O T
O
O
C O O O
P O C O O O O
O P O O O O O O O
O O O P O P O O O O
O P O
C S
O O O
P O O C O O
O P O O P O O O O S S
O O O O O O O
O O O
O
O O
O O O
O
L
O
O P O O P O O O
O O
S
O O P P O P O O P P O O
T
L P P O P O S
S
O P O O O
O
O
O
O O P O S O P O O C P O P O
O
O O
P O O O S O S
O O
S O O O O O O
S
O O O O O O
C O O O
P O P O P O T T P O O O O P O O O O
P O O P O O
O O P O O O O P O O O P O O
O P O O S O O P O O P O O P O O P O O
S O
O P O O
P O S O
S
O O P O O O O O
O O P O O O P O O O
O O O
O S C
O
O O O O
L O
O
T
O S O O O
O O O O P O O
S
T O T O O O O
O
O
O P O P O O O P O
P O O O S O S O
P S T O
O
O P O S
O O
O O
P O
O O
O
O
O
P T O O O O O O
O O O
O
O
O
O
O O P O
S O
O O
O P S P P O O O O O S S O
O
O
P O O
O O O
S
O L
O O
O O
S S O S O
O C
S
P C
C
O O O
O O O
P O O O O
O
O O
O O
O P O C
O O O O
O P O
O O O S P
O P O O O O C O O
P O O
O P S
O
O O
O
O O O
C O
O
O P O O P O
S S C
S C
O S S
O S T
P T O O
O S O
O
O
O O
P O O
O
O
O O P O O O O
O T O O P O O O O S P O O
O O
T
C O
O O P O O O
O
P O
P O O O P T O P O O O T O O O P
O
O O O
P O O O S O O
O O O
P O O
O O O O O P
L O
S O
O
O P
P O P O O O O O O O O O O S
P O O O
O O
O
O O
O
T O O O P
O
T P O
O O O
P O
O O P O O O O
O S O O O
O
S
O O O O S O O O O O S O
O O
P O O P O O O O O
O O
O O O O
O C O O
P O O
O O O S O
P O O O O O
O O
O
P O O T
O
O O S
O P S O P O
O
O
O O O O
O O S
O P O O P O O P
O S O O
O
O
O O O O O O
O S
O
S C
